Andrew Salcedo
Log for AST 4762, Fall 2026

*****IN: Wed Aug 26 15:11:03 EDT 2026

Opened TextEdit, started this log, saved as:
/Users/Drew/Documents/GitHub/ast4762/0-ast4762-asalcedo.log

Name: Andrew Salcedo
Username: asalcedo
What astronomy classes have you taken? 
Introduction to astronomy, sat in on solar system astronomy
Are you generally comfortable with calculus and physics?
yes
Have you ever programmed a computer?
yes I have coded on my computer
In what language(s)?
Python
Have you taken a programming class, and if so which?
Concepts in computer science, Introduction to numerical computing
Have you taken statistics or probability?
no
Will you be attending the DPS conference this year, or will
you be away otherwise?
no and no
Why are you taking this course?
To enhance my coding skills and learn more about data analysis
Are there particular topics you hope to learn?
Spectroscopy and observational astronomy in relation to this course
If you have programmed outside of a course before, please
briefly describe: Minor projects and assignments for classes
If you have worked with scientific data before, briefly
describe your experience:observed the handling of data in research groups, never directly handled data
Please describe any projects in astronomy, including
involvement in amateur groups, owning a telescope,
research, etc.: A part of Professor Eikenberrys OPA groups working on repairing a spectroscopy box for observations

To make my hw0_asalcedo/ folder I will open my Documents/GitHub/ast4762/hw_asalcedo folder then copy this log file into the hw0_asalcedo/ folder. Then I will turn the entire hw0_asalcedo/ folder into a zip file and submit it on web courses. 

*****OUT: Wed Aug 26 15:32:28 EDT 2026